`torch_dtype` is deprecated! Use `dtype` instead!
======================================================================
Top-5 Activation Analysis: gemma-3-4b-it
======================================================================
Model type: gemma3, Layers: 34, Hidden: 2560
Loading model from /root/paddlejob/workspace/env_run/clx/models/gemma3/gemma-3-4b-it ...
Model files size: 8.0 GB
111
Loading weights:   0%|          | 0/883 [00:00<?, ?it/s]
Loading weights:   0%|          | 1/883 [00:00<05:08,  2.86it/s]
Loading weights:   2%|▏         | 17/883 [00:00<00:17, 48.40it/s]
Loading weights:   5%|▍         | 42/883 [00:00<00:07, 105.38it/s]
Loading weights:   7%|▋         | 63/883 [00:00<00:06, 135.49it/s]
Loading weights:   9%|▉         | 82/883 [00:00<00:05, 151.23it/s]
Loading weights:  12%|█▏        | 107/883 [00:00<00:04, 177.44it/s]
Loading weights:  14%|█▍        | 128/883 [00:00<00:04, 184.12it/s]
Loading weights:  17%|█▋        | 149/883 [00:01<00:04, 181.68it/s]
Loading weights:  20%|█▉        | 173/883 [00:01<00:03, 194.80it/s]
Loading weights:  22%|██▏       | 198/883 [00:01<00:03, 205.65it/s]
Loading weights:  25%|██▍       | 220/883 [00:01<00:03, 208.77it/s]
Loading weights:  27%|██▋       | 242/883 [00:01<00:03, 201.12it/s]
Loading weights:  30%|██▉       | 264/883 [00:01<00:03, 201.64it/s]
Loading weights:  33%|███▎      | 289/883 [00:01<00:02, 211.00it/s]
Loading weights:  35%|███▌      | 312/883 [00:01<00:02, 214.59it/s]
Loading weights:  38%|███▊      | 334/883 [00:01<00:02, 207.60it/s]
Loading weights:  40%|████      | 355/883 [00:02<00:02, 205.44it/s]
Loading weights:  43%|████▎     | 380/883 [00:02<00:02, 212.23it/s]
Loading weights:  46%|████▌     | 402/883 [00:02<00:02, 212.39it/s]
Loading weights:  48%|████▊     | 424/883 [00:02<00:02, 205.27it/s]
Loading weights:  55%|█████▍    | 483/883 [00:02<00:01, 313.40it/s]
Loading weights:  71%|███████▏  | 631/883 [00:02<00:00, 645.20it/s]
Loading weights:  89%|████████▉ | 785/883 [00:02<00:00, 901.99it/s]
Loading weights: 100%|██████████| 883/883 [00:02<00:00, 320.59it/s]
Loaded on single GPU (cuda:0)
Input device: cuda:0
Loading data from /root/paddlejob/workspace/env_run/clx/datasets/eval_diverse_5k_gemma3.jsonl ...
Loaded 2000 samples (lengths: min=188, max=4070, avg=3528)
Created 125 batches (batch_size=16, padding ratio=0.4%)
Registered 104 hooks
Running forward passes...

  gemma-3-4b-it:   0%|                                         | 0/125 [00:00<?, ?batch/s]
  gemma-3-4b-it:   0%|                           | 0/125 [00:01<?, ?batch/s, tokens=3,904]
  gemma-3-4b-it:   1%|1                  | 1/125 [00:01<02:33,  1.24s/batch, tokens=3,904]
  gemma-3-4b-it:   1%|1                  | 1/125 [00:02<02:33,  1.24s/batch, tokens=7,472]
  gemma-3-4b-it:   2%|3                  | 2/125 [00:02<02:16,  1.11s/batch, tokens=7,472]
  gemma-3-4b-it:   2%|2                 | 2/125 [00:03<02:16,  1.11s/batch, tokens=14,336]
  gemma-3-4b-it:   2%|4                 | 3/125 [00:03<02:33,  1.26s/batch, tokens=14,336]
  gemma-3-4b-it:   2%|4                 | 3/125 [00:05<02:33,  1.26s/batch, tokens=15,888]
  gemma-3-4b-it:   3%|5                 | 4/125 [00:05<02:49,  1.40s/batch, tokens=15,888]
  gemma-3-4b-it:   3%|5                 | 4/125 [00:07<02:49,  1.40s/batch, tokens=28,528]
  gemma-3-4b-it:   4%|7                 | 5/125 [00:07<03:35,  1.80s/batch, tokens=28,528]
  gemma-3-4b-it:   4%|7                 | 5/125 [00:10<03:35,  1.80s/batch, tokens=29,856]
  gemma-3-4b-it:   5%|8                 | 6/125 [00:10<04:08,  2.09s/batch, tokens=29,856]
  gemma-3-4b-it:   5%|8                 | 6/125 [00:13<04:08,  2.09s/batch, tokens=30,512]
  gemma-3-4b-it:   6%|#                 | 7/125 [00:13<04:30,  2.29s/batch, tokens=30,512]
  gemma-3-4b-it:   6%|#                 | 7/125 [00:16<04:30,  2.29s/batch, tokens=37,456]
  gemma-3-4b-it:   6%|#1                | 8/125 [00:16<05:01,  2.58s/batch, tokens=37,456]
  gemma-3-4b-it:   6%|#1                | 8/125 [00:20<05:01,  2.58s/batch, tokens=49,232]
  gemma-3-4b-it:   7%|#2                | 9/125 [00:20<06:01,  3.12s/batch, tokens=49,232]
  gemma-3-4b-it:   7%|#2                | 9/125 [00:25<06:01,  3.12s/batch, tokens=50,800]
  gemma-3-4b-it:   8%|#3               | 10/125 [00:25<06:48,  3.55s/batch, tokens=50,800]
  gemma-3-4b-it:   8%|#3               | 10/125 [00:29<06:48,  3.55s/batch, tokens=51,792]
  gemma-3-4b-it:   9%|#4               | 11/125 [00:29<07:23,  3.89s/batch, tokens=51,792]
  gemma-3-4b-it:   9%|#4               | 11/125 [00:34<07:23,  3.89s/batch, tokens=52,336]
  gemma-3-4b-it:  10%|#6               | 12/125 [00:34<07:46,  4.13s/batch, tokens=52,336]
  gemma-3-4b-it:  10%|#6               | 12/125 [00:39<07:46,  4.13s/batch, tokens=53,104]
  gemma-3-4b-it:  10%|#7               | 13/125 [00:39<08:03,  4.32s/batch, tokens=53,104]
  gemma-3-4b-it:  10%|#7               | 13/125 [00:44<08:03,  4.32s/batch, tokens=53,488]
  gemma-3-4b-it:  11%|#9               | 14/125 [00:44<08:15,  4.46s/batch, tokens=53,488]
  gemma-3-4b-it:  11%|#9               | 14/125 [00:48<08:15,  4.46s/batch, tokens=54,064]
  gemma-3-4b-it:  12%|##               | 15/125 [00:48<08:23,  4.58s/batch, tokens=54,064]
  gemma-3-4b-it:  12%|##               | 15/125 [00:53<08:23,  4.58s/batch, tokens=54,480]
  gemma-3-4b-it:  13%|##1              | 16/125 [00:53<08:29,  4.67s/batch, tokens=54,480]
  gemma-3-4b-it:  13%|##1              | 16/125 [00:58<08:29,  4.67s/batch, tokens=54,752]
  gemma-3-4b-it:  14%|##3              | 17/125 [00:58<08:31,  4.74s/batch, tokens=54,752]
  gemma-3-4b-it:  14%|##3              | 17/125 [01:03<08:31,  4.74s/batch, tokens=55,008]
  gemma-3-4b-it:  14%|##4              | 18/125 [01:03<08:33,  4.80s/batch, tokens=55,008]
  gemma-3-4b-it:  14%|##4              | 18/125 [01:08<08:33,  4.80s/batch, tokens=55,296]
  gemma-3-4b-it:  15%|##5              | 19/125 [01:08<08:31,  4.83s/batch, tokens=55,296]
  gemma-3-4b-it:  15%|##5              | 19/125 [01:13<08:31,  4.83s/batch, tokens=55,552]
  gemma-3-4b-it:  16%|##7              | 20/125 [01:13<08:31,  4.87s/batch, tokens=55,552]
  gemma-3-4b-it:  16%|##7              | 20/125 [01:18<08:31,  4.87s/batch, tokens=55,680]
  gemma-3-4b-it:  17%|##8              | 21/125 [01:18<08:29,  4.90s/batch, tokens=55,680]
  gemma-3-4b-it:  17%|##8              | 21/125 [01:23<08:29,  4.90s/batch, tokens=55,856]
  gemma-3-4b-it:  18%|##9              | 22/125 [01:23<08:28,  4.94s/batch, tokens=55,856]
  gemma-3-4b-it:  18%|##9              | 22/125 [01:28<08:28,  4.94s/batch, tokens=56,016]
  gemma-3-4b-it:  18%|###1             | 23/125 [01:28<08:26,  4.97s/batch, tokens=56,016]
  gemma-3-4b-it:  18%|###1             | 23/125 [01:33<08:26,  4.97s/batch, tokens=56,128]
  gemma-3-4b-it:  19%|###2             | 24/125 [01:33<08:24,  5.00s/batch, tokens=56,128]
  gemma-3-4b-it:  19%|###2             | 24/125 [01:38<08:24,  5.00s/batch, tokens=56,272]
  gemma-3-4b-it:  20%|###4             | 25/125 [01:38<08:21,  5.01s/batch, tokens=56,272]
  gemma-3-4b-it:  20%|###4             | 25/125 [01:43<08:21,  5.01s/batch, tokens=56,368]
  gemma-3-4b-it:  21%|###5             | 26/125 [01:43<08:22,  5.07s/batch, tokens=56,368]
  gemma-3-4b-it:  21%|###5             | 26/125 [01:48<08:22,  5.07s/batch, tokens=56,496]
  gemma-3-4b-it:  22%|###6             | 27/125 [01:48<08:17,  5.08s/batch, tokens=56,496]
  gemma-3-4b-it:  22%|###6             | 27/125 [01:54<08:17,  5.08s/batch, tokens=56,608]
  gemma-3-4b-it:  22%|###8             | 28/125 [01:54<08:13,  5.09s/batch, tokens=56,608]
  gemma-3-4b-it:  22%|###8             | 28/125 [01:59<08:13,  5.09s/batch, tokens=56,688]
  gemma-3-4b-it:  23%|###9             | 29/125 [01:59<08:23,  5.25s/batch, tokens=56,688]
  gemma-3-4b-it:  23%|###9             | 29/125 [02:04<08:23,  5.25s/batch, tokens=56,784]
  gemma-3-4b-it:  24%|####             | 30/125 [02:04<08:14,  5.21s/batch, tokens=56,784]
  gemma-3-4b-it:  24%|####             | 30/125 [02:09<08:14,  5.21s/batch, tokens=56,848]
  gemma-3-4b-it:  25%|####2            | 31/125 [02:09<08:07,  5.19s/batch, tokens=56,848]
  gemma-3-4b-it:  25%|####2            | 31/125 [02:15<08:07,  5.19s/batch, tokens=56,976]
  gemma-3-4b-it:  26%|####3            | 32/125 [02:15<08:01,  5.18s/batch, tokens=56,976]
  gemma-3-4b-it:  26%|####3            | 32/125 [02:20<08:01,  5.18s/batch, tokens=57,072]
  gemma-3-4b-it:  26%|####4            | 33/125 [02:20<07:55,  5.17s/batch, tokens=57,072]
  gemma-3-4b-it:  26%|####4            | 33/125 [02:25<07:55,  5.17s/batch, tokens=57,168]
  gemma-3-4b-it:  27%|####6            | 34/125 [02:25<07:49,  5.16s/batch, tokens=57,168]
  gemma-3-4b-it:  27%|####6            | 34/125 [02:30<07:49,  5.16s/batch, tokens=57,264]
  gemma-3-4b-it:  28%|####7            | 35/125 [02:30<07:44,  5.16s/batch, tokens=57,264]
  gemma-3-4b-it:  28%|####7            | 35/125 [02:35<07:44,  5.16s/batch, tokens=57,328]
  gemma-3-4b-it:  29%|####8            | 36/125 [02:35<07:38,  5.15s/batch, tokens=57,328]
  gemma-3-4b-it:  29%|####8            | 36/125 [02:40<07:38,  5.15s/batch, tokens=57,392]
  gemma-3-4b-it:  30%|#####            | 37/125 [02:40<07:34,  5.17s/batch, tokens=57,392]
  gemma-3-4b-it:  30%|#####            | 37/125 [02:46<07:34,  5.17s/batch, tokens=57,472]
  gemma-3-4b-it:  30%|#####1           | 38/125 [02:46<07:29,  5.16s/batch, tokens=57,472]
  gemma-3-4b-it:  30%|#####1           | 38/125 [02:51<07:29,  5.16s/batch, tokens=57,568]
  gemma-3-4b-it:  31%|#####3           | 39/125 [02:51<07:24,  5.17s/batch, tokens=57,568]
  gemma-3-4b-it:  31%|#####3           | 39/125 [02:56<07:24,  5.17s/batch, tokens=57,632]
  gemma-3-4b-it:  32%|#####4           | 40/125 [02:56<07:20,  5.18s/batch, tokens=57,632]
  gemma-3-4b-it:  32%|#####4           | 40/125 [03:01<07:20,  5.18s/batch, tokens=57,728]
  gemma-3-4b-it:  33%|#####5           | 41/125 [03:01<07:14,  5.18s/batch, tokens=57,728]
  gemma-3-4b-it:  33%|#####5           | 41/125 [03:06<07:14,  5.18s/batch, tokens=57,792]
  gemma-3-4b-it:  34%|#####7           | 42/125 [03:06<07:10,  5.19s/batch, tokens=57,792]
  gemma-3-4b-it:  34%|#####7           | 42/125 [03:12<07:10,  5.19s/batch, tokens=57,840]
  gemma-3-4b-it:  34%|#####8           | 43/125 [03:12<07:05,  5.19s/batch, tokens=57,840]
  gemma-3-4b-it:  34%|#####8           | 43/125 [03:17<07:05,  5.19s/batch, tokens=57,904]
  gemma-3-4b-it:  35%|#####9           | 44/125 [03:17<07:03,  5.23s/batch, tokens=57,904]
  gemma-3-4b-it:  35%|#####9           | 44/125 [03:22<07:03,  5.23s/batch, tokens=57,984]
  gemma-3-4b-it:  36%|######1          | 45/125 [03:22<06:57,  5.22s/batch, tokens=57,984]
  gemma-3-4b-it:  36%|######1          | 45/125 [03:27<06:57,  5.22s/batch, tokens=58,064]
  gemma-3-4b-it:  37%|######2          | 46/125 [03:27<06:53,  5.23s/batch, tokens=58,064]
  gemma-3-4b-it:  37%|######2          | 46/125 [03:33<06:53,  5.23s/batch, tokens=58,144]
  gemma-3-4b-it:  38%|######3          | 47/125 [03:33<06:48,  5.24s/batch, tokens=58,144]
  gemma-3-4b-it:  38%|######3          | 47/125 [03:38<06:48,  5.24s/batch, tokens=58,192]
  gemma-3-4b-it:  38%|######5          | 48/125 [03:38<06:43,  5.25s/batch, tokens=58,192]
  gemma-3-4b-it:  38%|######5          | 48/125 [03:43<06:43,  5.25s/batch, tokens=58,272]
  gemma-3-4b-it:  39%|######6          | 49/125 [03:43<06:38,  5.25s/batch, tokens=58,272]
  gemma-3-4b-it:  39%|######6          | 49/125 [03:48<06:38,  5.25s/batch, tokens=58,320]
  gemma-3-4b-it:  40%|######8          | 50/125 [03:48<06:33,  5.25s/batch, tokens=58,320]
  gemma-3-4b-it:  40%|######8          | 50/125 [03:54<06:33,  5.25s/batch, tokens=58,384]
  gemma-3-4b-it:  41%|######9          | 51/125 [03:54<06:29,  5.26s/batch, tokens=58,384]
  gemma-3-4b-it:  41%|######9          | 51/125 [03:59<06:29,  5.26s/batch, tokens=58,432]
  gemma-3-4b-it:  42%|#######          | 52/125 [03:59<06:24,  5.26s/batch, tokens=58,432]
  gemma-3-4b-it:  42%|#######          | 52/125 [04:04<06:24,  5.26s/batch, tokens=58,480]
  gemma-3-4b-it:  42%|#######2         | 53/125 [04:04<06:19,  5.27s/batch, tokens=58,480]
  gemma-3-4b-it:  42%|#######2         | 53/125 [04:09<06:19,  5.27s/batch, tokens=58,528]
  gemma-3-4b-it:  43%|#######3         | 54/125 [04:09<06:14,  5.27s/batch, tokens=58,528]
  gemma-3-4b-it:  43%|#######3         | 54/125 [04:15<06:14,  5.27s/batch, tokens=58,576]
  gemma-3-4b-it:  44%|#######4         | 55/125 [04:15<06:09,  5.28s/batch, tokens=58,576]
  gemma-3-4b-it:  44%|#######4         | 55/125 [04:20<06:09,  5.28s/batch, tokens=58,640]
  gemma-3-4b-it:  45%|#######6         | 56/125 [04:20<06:04,  5.29s/batch, tokens=58,640]
  gemma-3-4b-it:  45%|#######6         | 56/125 [04:25<06:04,  5.29s/batch, tokens=58,704]
  gemma-3-4b-it:  46%|#######7         | 57/125 [04:25<06:00,  5.30s/batch, tokens=58,704]
  gemma-3-4b-it:  46%|#######7         | 57/125 [04:31<06:00,  5.30s/batch, tokens=58,768]
  gemma-3-4b-it:  46%|#######8         | 58/125 [04:31<05:55,  5.30s/batch, tokens=58,768]
  gemma-3-4b-it:  46%|#######8         | 58/125 [04:36<05:55,  5.30s/batch, tokens=58,848]
  gemma-3-4b-it:  47%|########         | 59/125 [04:36<05:50,  5.30s/batch, tokens=58,848]
  gemma-3-4b-it:  47%|########         | 59/125 [04:41<05:50,  5.30s/batch, tokens=58,928]
  gemma-3-4b-it:  48%|########1        | 60/125 [04:41<05:45,  5.31s/batch, tokens=58,928]
  gemma-3-4b-it:  48%|########1        | 60/125 [04:47<05:45,  5.31s/batch, tokens=59,008]
  gemma-3-4b-it:  49%|########2        | 61/125 [04:47<05:39,  5.30s/batch, tokens=59,008]
  gemma-3-4b-it:  49%|########2        | 61/125 [04:52<05:39,  5.30s/batch, tokens=59,072]
  gemma-3-4b-it:  50%|########4        | 62/125 [04:52<05:34,  5.31s/batch, tokens=59,072]
  gemma-3-4b-it:  50%|########4        | 62/125 [04:57<05:34,  5.31s/batch, tokens=59,120]
  gemma-3-4b-it:  50%|########5        | 63/125 [04:57<05:29,  5.32s/batch, tokens=59,120]
  gemma-3-4b-it:  50%|########5        | 63/125 [05:03<05:29,  5.32s/batch, tokens=59,168]
  gemma-3-4b-it:  51%|########7        | 64/125 [05:03<05:25,  5.33s/batch, tokens=59,168]
  gemma-3-4b-it:  51%|########7        | 64/125 [05:08<05:25,  5.33s/batch, tokens=59,248]
  gemma-3-4b-it:  52%|########8        | 65/125 [05:08<05:20,  5.33s/batch, tokens=59,248]
  gemma-3-4b-it:  52%|########8        | 65/125 [05:13<05:20,  5.33s/batch, tokens=59,328]
  gemma-3-4b-it:  53%|########9        | 66/125 [05:13<05:14,  5.34s/batch, tokens=59,328]
  gemma-3-4b-it:  53%|########9        | 66/125 [05:19<05:14,  5.34s/batch, tokens=59,376]
  gemma-3-4b-it:  54%|#########1       | 67/125 [05:19<05:09,  5.34s/batch, tokens=59,376]
  gemma-3-4b-it:  54%|#########1       | 67/125 [05:24<05:09,  5.34s/batch, tokens=59,424]
  gemma-3-4b-it:  54%|#########2       | 68/125 [05:24<05:11,  5.46s/batch, tokens=59,424]
  gemma-3-4b-it:  54%|#########2       | 68/125 [05:30<05:11,  5.46s/batch, tokens=59,472]
  gemma-3-4b-it:  55%|#########3       | 69/125 [05:30<05:04,  5.44s/batch, tokens=59,472]
  gemma-3-4b-it:  55%|#########3       | 69/125 [05:35<05:04,  5.44s/batch, tokens=59,520]
  gemma-3-4b-it:  56%|#########5       | 70/125 [05:35<04:58,  5.42s/batch, tokens=59,520]
  gemma-3-4b-it:  56%|#########5       | 70/125 [05:41<04:58,  5.42s/batch, tokens=59,584]
  gemma-3-4b-it:  57%|#########6       | 71/125 [05:41<04:52,  5.42s/batch, tokens=59,584]
  gemma-3-4b-it:  57%|#########6       | 71/125 [05:46<04:52,  5.42s/batch, tokens=59,664]
  gemma-3-4b-it:  58%|#########7       | 72/125 [05:46<04:47,  5.42s/batch, tokens=59,664]
  gemma-3-4b-it:  58%|#########7       | 72/125 [05:51<04:47,  5.42s/batch, tokens=59,696]
  gemma-3-4b-it:  58%|#########9       | 73/125 [05:51<04:41,  5.42s/batch, tokens=59,696]
  gemma-3-4b-it:  58%|#########9       | 73/125 [05:57<04:41,  5.42s/batch, tokens=59,776]
  gemma-3-4b-it:  59%|##########       | 74/125 [05:57<04:35,  5.40s/batch, tokens=59,776]
  gemma-3-4b-it:  59%|##########       | 74/125 [06:02<04:35,  5.40s/batch, tokens=59,808]
  gemma-3-4b-it:  60%|##########2      | 75/125 [06:02<04:30,  5.41s/batch, tokens=59,808]
  gemma-3-4b-it:  60%|##########2      | 75/125 [06:08<04:30,  5.41s/batch, tokens=59,840]
  gemma-3-4b-it:  61%|##########3      | 76/125 [06:08<04:25,  5.41s/batch, tokens=59,840]
  gemma-3-4b-it:  61%|##########3      | 76/125 [06:13<04:25,  5.41s/batch, tokens=59,920]
  gemma-3-4b-it:  62%|##########4      | 77/125 [06:13<04:19,  5.42s/batch, tokens=59,920]
  gemma-3-4b-it:  62%|##########4      | 77/125 [06:18<04:19,  5.42s/batch, tokens=59,984]
  gemma-3-4b-it:  62%|##########6      | 78/125 [06:18<04:14,  5.42s/batch, tokens=59,984]
  gemma-3-4b-it:  62%|##########6      | 78/125 [06:24<04:14,  5.42s/batch, tokens=60,048]
  gemma-3-4b-it:  63%|##########7      | 79/125 [06:24<04:09,  5.43s/batch, tokens=60,048]
  gemma-3-4b-it:  63%|##########7      | 79/125 [06:29<04:09,  5.43s/batch, tokens=60,112]
  gemma-3-4b-it:  64%|##########8      | 80/125 [06:29<04:04,  5.43s/batch, tokens=60,112]
  gemma-3-4b-it:  64%|##########8      | 80/125 [06:35<04:04,  5.43s/batch, tokens=60,176]
  gemma-3-4b-it:  65%|###########      | 81/125 [06:35<03:59,  5.44s/batch, tokens=60,176]
  gemma-3-4b-it:  65%|###########      | 81/125 [06:40<03:59,  5.44s/batch, tokens=60,272]
  gemma-3-4b-it:  66%|###########1     | 82/125 [06:40<03:54,  5.44s/batch, tokens=60,272]
  gemma-3-4b-it:  66%|###########1     | 82/125 [06:46<03:54,  5.44s/batch, tokens=60,320]
  gemma-3-4b-it:  66%|###########2     | 83/125 [06:46<03:48,  5.44s/batch, tokens=60,320]
  gemma-3-4b-it:  66%|###########2     | 83/125 [06:51<03:48,  5.44s/batch, tokens=60,368]
  gemma-3-4b-it:  67%|###########4     | 84/125 [06:51<03:43,  5.44s/batch, tokens=60,368]
  gemma-3-4b-it:  67%|###########4     | 84/125 [06:57<03:43,  5.44s/batch, tokens=60,416]
  gemma-3-4b-it:  68%|###########5     | 85/125 [06:57<03:37,  5.43s/batch, tokens=60,416]
  gemma-3-4b-it:  68%|###########5     | 85/125 [07:02<03:37,  5.43s/batch, tokens=60,464]
  gemma-3-4b-it:  69%|###########6     | 86/125 [07:02<03:32,  5.45s/batch, tokens=60,464]
  gemma-3-4b-it:  69%|###########6     | 86/125 [07:07<03:32,  5.45s/batch, tokens=60,544]
  gemma-3-4b-it:  70%|###########8     | 87/125 [07:07<03:26,  5.44s/batch, tokens=60,544]
  gemma-3-4b-it:  70%|###########8     | 87/125 [07:13<03:26,  5.44s/batch, tokens=60,608]
  gemma-3-4b-it:  70%|###########9     | 88/125 [07:13<03:21,  5.45s/batch, tokens=60,608]
  gemma-3-4b-it:  70%|###########9     | 88/125 [07:18<03:21,  5.45s/batch, tokens=60,672]
  gemma-3-4b-it:  71%|############1    | 89/125 [07:18<03:16,  5.45s/batch, tokens=60,672]
  gemma-3-4b-it:  71%|############1    | 89/125 [07:24<03:16,  5.45s/batch, tokens=60,736]
  gemma-3-4b-it:  72%|############2    | 90/125 [07:24<03:11,  5.46s/batch, tokens=60,736]
  gemma-3-4b-it:  72%|############2    | 90/125 [07:29<03:11,  5.46s/batch, tokens=60,816]
  gemma-3-4b-it:  73%|############3    | 91/125 [07:29<03:06,  5.48s/batch, tokens=60,816]
  gemma-3-4b-it:  73%|############3    | 91/125 [07:35<03:06,  5.48s/batch, tokens=60,880]
  gemma-3-4b-it:  74%|############5    | 92/125 [07:35<03:02,  5.54s/batch, tokens=60,880]
  gemma-3-4b-it:  74%|############5    | 92/125 [07:41<03:02,  5.54s/batch, tokens=60,928]
  gemma-3-4b-it:  74%|############6    | 93/125 [07:41<02:56,  5.51s/batch, tokens=60,928]
  gemma-3-4b-it:  74%|############6    | 93/125 [07:46<02:56,  5.51s/batch, tokens=60,992]
  gemma-3-4b-it:  75%|############7    | 94/125 [07:46<02:51,  5.52s/batch, tokens=60,992]
  gemma-3-4b-it:  75%|############7    | 94/125 [07:52<02:51,  5.52s/batch, tokens=61,072]
  gemma-3-4b-it:  76%|############9    | 95/125 [07:52<02:45,  5.52s/batch, tokens=61,072]
  gemma-3-4b-it:  76%|############9    | 95/125 [07:57<02:45,  5.52s/batch, tokens=61,136]
  gemma-3-4b-it:  77%|#############    | 96/125 [07:57<02:40,  5.53s/batch, tokens=61,136]
  gemma-3-4b-it:  77%|#############    | 96/125 [08:03<02:40,  5.53s/batch, tokens=61,168]
  gemma-3-4b-it:  78%|#############1   | 97/125 [08:03<02:34,  5.53s/batch, tokens=61,168]
  gemma-3-4b-it:  78%|#############1   | 97/125 [08:08<02:34,  5.53s/batch, tokens=61,264]
  gemma-3-4b-it:  78%|#############3   | 98/125 [08:08<02:29,  5.53s/batch, tokens=61,264]
  gemma-3-4b-it:  78%|#############3   | 98/125 [08:14<02:29,  5.53s/batch, tokens=61,328]
  gemma-3-4b-it:  79%|#############4   | 99/125 [08:14<02:23,  5.54s/batch, tokens=61,328]
  gemma-3-4b-it:  79%|#############4   | 99/125 [08:19<02:23,  5.54s/batch, tokens=61,392]
  gemma-3-4b-it:  80%|############8   | 100/125 [08:19<02:18,  5.53s/batch, tokens=61,392]
  gemma-3-4b-it:  80%|############8   | 100/125 [08:25<02:18,  5.53s/batch, tokens=61,440]
  gemma-3-4b-it:  81%|############9   | 101/125 [08:25<02:12,  5.52s/batch, tokens=61,440]
  gemma-3-4b-it:  81%|############9   | 101/125 [08:30<02:12,  5.52s/batch, tokens=61,488]
  gemma-3-4b-it:  82%|#############   | 102/125 [08:30<02:07,  5.54s/batch, tokens=61,488]
  gemma-3-4b-it:  82%|#############   | 102/125 [08:36<02:07,  5.54s/batch, tokens=61,600]
  gemma-3-4b-it:  82%|#############1  | 103/125 [08:36<02:02,  5.55s/batch, tokens=61,600]
  gemma-3-4b-it:  82%|#############1  | 103/125 [08:42<02:02,  5.55s/batch, tokens=61,680]
  gemma-3-4b-it:  83%|#############3  | 104/125 [08:42<01:56,  5.57s/batch, tokens=61,680]
  gemma-3-4b-it:  83%|#############3  | 104/125 [08:47<01:56,  5.57s/batch, tokens=61,744]
  gemma-3-4b-it:  84%|#############4  | 105/125 [08:47<01:51,  5.58s/batch, tokens=61,744]
  gemma-3-4b-it:  84%|#############4  | 105/125 [08:53<01:51,  5.58s/batch, tokens=61,824]
  gemma-3-4b-it:  85%|#############5  | 106/125 [08:53<01:45,  5.57s/batch, tokens=61,824]
  gemma-3-4b-it:  85%|#############5  | 106/125 [08:59<01:45,  5.57s/batch, tokens=61,920]
  gemma-3-4b-it:  86%|#############6  | 107/125 [08:59<01:43,  5.74s/batch, tokens=61,920]
  gemma-3-4b-it:  86%|#############6  | 107/125 [09:04<01:43,  5.74s/batch, tokens=61,968]
  gemma-3-4b-it:  86%|#############8  | 108/125 [09:04<01:36,  5.70s/batch, tokens=61,968]
  gemma-3-4b-it:  86%|#############8  | 108/125 [09:10<01:36,  5.70s/batch, tokens=62,032]
  gemma-3-4b-it:  87%|#############9  | 109/125 [09:10<01:30,  5.68s/batch, tokens=62,032]
  gemma-3-4b-it:  87%|#############9  | 109/125 [09:16<01:30,  5.68s/batch, tokens=62,176]
  gemma-3-4b-it:  88%|##############  | 110/125 [09:16<01:25,  5.67s/batch, tokens=62,176]
  gemma-3-4b-it:  88%|##############  | 110/125 [09:21<01:25,  5.67s/batch, tokens=62,256]
  gemma-3-4b-it:  89%|##############2 | 111/125 [09:21<01:19,  5.67s/batch, tokens=62,256]
  gemma-3-4b-it:  89%|##############2 | 111/125 [09:27<01:19,  5.67s/batch, tokens=62,320]
  gemma-3-4b-it:  90%|##############3 | 112/125 [09:27<01:13,  5.67s/batch, tokens=62,320]
  gemma-3-4b-it:  90%|##############3 | 112/125 [09:34<01:13,  5.67s/batch, tokens=62,384]
  gemma-3-4b-it:  90%|##############4 | 113/125 [09:34<01:12,  6.05s/batch, tokens=62,384]
  gemma-3-4b-it:  90%|##############4 | 113/125 [09:40<01:12,  6.05s/batch, tokens=62,480]
  gemma-3-4b-it:  91%|##############5 | 114/125 [09:40<01:05,  5.94s/batch, tokens=62,480]
  gemma-3-4b-it:  91%|##############5 | 114/125 [09:45<01:05,  5.94s/batch, tokens=62,560]
  gemma-3-4b-it:  92%|##############7 | 115/125 [09:45<00:58,  5.86s/batch, tokens=62,560]
  gemma-3-4b-it:  92%|##############7 | 115/125 [09:51<00:58,  5.86s/batch, tokens=62,624]
  gemma-3-4b-it:  93%|##############8 | 116/125 [09:51<00:53,  5.94s/batch, tokens=62,624]
  gemma-3-4b-it:  93%|##############8 | 116/125 [09:57<00:53,  5.94s/batch, tokens=62,752]
  gemma-3-4b-it:  94%|##############9 | 117/125 [09:57<00:46,  5.87s/batch, tokens=62,752]
  gemma-3-4b-it:  94%|##############9 | 117/125 [10:03<00:46,  5.87s/batch, tokens=62,880]
  gemma-3-4b-it:  94%|###############1| 118/125 [10:03<00:40,  5.82s/batch, tokens=62,880]
  gemma-3-4b-it:  94%|###############1| 118/125 [10:09<00:40,  5.82s/batch, tokens=63,056]
  gemma-3-4b-it:  95%|###############2| 119/125 [10:09<00:34,  5.79s/batch, tokens=63,056]
  gemma-3-4b-it:  95%|###############2| 119/125 [10:14<00:34,  5.79s/batch, tokens=63,248]
  gemma-3-4b-it:  96%|###############3| 120/125 [10:14<00:28,  5.77s/batch, tokens=63,248]
  gemma-3-4b-it:  96%|###############3| 120/125 [10:20<00:28,  5.77s/batch, tokens=63,360]
  gemma-3-4b-it:  97%|###############4| 121/125 [10:20<00:23,  5.75s/batch, tokens=63,360]
  gemma-3-4b-it:  97%|###############4| 121/125 [10:26<00:23,  5.75s/batch, tokens=63,504]
  gemma-3-4b-it:  98%|###############6| 122/125 [10:26<00:17,  5.76s/batch, tokens=63,504]
  gemma-3-4b-it:  98%|###############6| 122/125 [10:32<00:17,  5.76s/batch, tokens=63,760]
  gemma-3-4b-it:  98%|###############7| 123/125 [10:32<00:11,  5.78s/batch, tokens=63,760]
  gemma-3-4b-it:  98%|###############7| 123/125 [10:37<00:11,  5.78s/batch, tokens=64,048]
  gemma-3-4b-it:  99%|###############8| 124/125 [10:37<00:05,  5.80s/batch, tokens=64,048]
  gemma-3-4b-it:  99%|###############8| 124/125 [10:43<00:05,  5.80s/batch, tokens=65,120]
  gemma-3-4b-it: 100%|################| 125/125 [10:43<00:00,  5.83s/batch, tokens=65,120]
  gemma-3-4b-it: 100%|################| 125/125 [10:43<00:00,  5.15s/batch, tokens=65,120]
Forward passes complete.

======================================================================
Top-5 Absolute Activation Values — gemma-3-4b-it
======================================================================
Layer    Component          Top5 AbsMean Top5 Values
--------------------------------------------------------------------------------
0        hidden                 11430.40 [11520.0, 11456.0, 11392.0, 11392.0, 11392.0]
0        mlp_output               140.60 [149.0, 142.0, 141.0, 140.0, 131.0]
0        attn_output              348.00 [358.0, 358.0, 342.0, 342.0, 340.0]
1        hidden                 11891.20 [12032.0, 11904.0, 11840.0, 11840.0, 11840.0]
1        mlp_output                74.40 [75.0, 74.5, 74.5, 74.0, 74.0]
1        attn_output              113.40 [121.5, 114.0, 113.0, 111.5, 107.0]
2        hidden                 17152.00 [17408.0, 17152.0, 17152.0, 17024.0, 17024.0]
2        mlp_output                63.40 [64.5, 63.8, 63.2, 63.0, 62.5]
2        attn_output               63.65 [65.5, 64.0, 63.8, 62.5, 62.5]
3        hidden                 19686.40 [19968.0, 19840.0, 19584.0, 19584.0, 19456.0]
3        mlp_output                68.30 [70.0, 68.0, 68.0, 68.0, 67.5]
3        attn_output              142.00 [146.0, 143.0, 141.0, 140.0, 140.0]
4        hidden                 30028.80 [30208.0, 30080.0, 29952.0, 29952.0, 29952.0]
4        mlp_output                51.30 [54.8, 51.2, 50.2, 50.2, 50.0]
4        attn_output               53.30 [55.2, 53.0, 52.8, 52.8, 52.8]
5        hidden                 48076.80 [48640.0, 48128.0, 48128.0, 47872.0, 47616.0]
5        mlp_output                70.80 [76.5, 75.5, 68.5, 68.0, 65.5]
5        attn_output               30.55 [30.8, 30.6, 30.6, 30.4, 30.4]
6        hidden                 56166.40 [56320.0, 56320.0, 56064.0, 56064.0, 56064.0]
6        mlp_output                84.80 [90.5, 83.5, 83.5, 83.5, 83.0]
6        attn_output               32.30 [33.0, 33.0, 32.8, 31.5, 31.2]
7        hidden                 71065.60 [71680.0, 71680.0, 70656.0, 70656.0, 70656.0]
7        mlp_output               140.40 [183.0, 182.0, 182.0, 80.5, 74.5]
7        attn_output               28.07 [28.9, 28.0, 27.9, 27.9, 27.8]
8        hidden                 77107.20 [78336.0, 77312.0, 77312.0, 76288.0, 76288.0]
8        mlp_output                63.10 [63.5, 63.2, 63.2, 63.0, 62.5]
8        attn_output               18.62 [19.2, 18.6, 18.6, 18.4, 18.2]
9        hidden                 93900.80 [94208.0, 94208.0, 94208.0, 93696.0, 93184.0]
9        mlp_output                20.57 [22.6, 20.2, 20.0, 20.0, 20.0]
9        attn_output               47.00 [53.0, 48.2, 48.0, 43.5, 42.2]
10       hidden                 96768.00 [97280.0, 97280.0, 96768.0, 96256.0, 96256.0]
10       mlp_output                 8.31 [10.6, 8.7, 7.7, 7.3, 7.3]
10       attn_output                8.86 [9.6, 8.8, 8.7, 8.6, 8.6]
11       hidden                 99430.40 [100352.0, 99328.0, 99328.0, 99328.0, 98816.0]
11       mlp_output                 8.01 [8.1, 8.1, 8.0, 8.0, 7.9]
11       attn_output               30.18 [34.8, 30.9, 30.5, 27.4, 27.4]
12       hidden                117760.00 [118272.0, 117760.0, 117760.0, 117760.0, 117248.0]
12       mlp_output                 9.59 [9.9, 9.8, 9.6, 9.5, 9.2]
12       attn_output               13.39 [14.2, 13.8, 13.4, 12.8, 12.8]
13       hidden                141926.40 [144384.0, 142336.0, 142336.0, 140288.0, 140288.0]
13       mlp_output                 9.14 [9.2, 9.2, 9.1, 9.1, 8.9]
13       attn_output               36.70 [41.8, 35.8, 35.8, 35.5, 34.8]
14       hidden                165683.20 [166912.0, 165888.0, 165888.0, 164864.0, 164864.0]
14       mlp_output                 4.33 [4.4, 4.3, 4.3, 4.3, 4.3]
14       attn_output               15.00 [16.1, 16.1, 14.8, 14.7, 13.2]
15       hidden                170803.20 [172032.0, 171008.0, 171008.0, 169984.0, 169984.0]
15       mlp_output                 6.72 [6.9, 6.9, 6.6, 6.6, 6.6]
15       attn_output               82.10 [85.5, 83.5, 81.0, 80.5, 80.0]
16       hidden                178790.40 [179200.0, 179200.0, 179200.0, 178176.0, 178176.0]
16       mlp_output                 7.15 [7.2, 7.2, 7.2, 7.1, 7.1]
16       attn_output               45.45 [56.8, 43.8, 43.5, 41.8, 41.5]
17       hidden                191283.20 [192512.0, 191488.0, 191488.0, 190464.0, 190464.0]
17       mlp_output                 8.35 [8.5, 8.4, 8.4, 8.2, 8.2]
17       attn_output               25.68 [30.5, 27.0, 24.2, 23.4, 23.2]
18       hidden                197017.60 [198656.0, 196608.0, 196608.0, 196608.0, 196608.0]
18       mlp_output                14.44 [14.6, 14.5, 14.4, 14.4, 14.3]
18       attn_output               75.00 [86.5, 77.5, 73.5, 71.0, 66.5]
19       hidden                200908.80 [201728.0, 200704.0, 200704.0, 200704.0, 200704.0]
19       mlp_output                11.80 [12.1, 12.0, 11.9, 11.6, 11.4]
19       attn_output               31.27 [34.5, 32.8, 30.1, 29.6, 29.4]
20       hidden                202342.40 [202752.0, 202752.0, 202752.0, 201728.0, 201728.0]
20       mlp_output                10.26 [10.4, 10.2, 10.2, 10.2, 10.2]
20       attn_output               43.50 [55.2, 42.5, 40.8, 40.5, 38.5]
21       hidden                206438.40 [206848.0, 206848.0, 206848.0, 205824.0, 205824.0]
21       mlp_output                13.72 [14.2, 14.2, 13.5, 13.4, 13.2]
21       attn_output               60.50 [61.2, 60.5, 60.5, 60.2, 60.0]
22       hidden                211558.40 [211968.0, 211968.0, 211968.0, 210944.0, 210944.0]
22       mlp_output                11.15 [11.4, 11.2, 11.2, 11.1, 10.8]
22       attn_output               25.90 [28.2, 25.9, 25.4, 25.0, 25.0]
23       hidden                223027.20 [223232.0, 223232.0, 223232.0, 223232.0, 222208.0]
23       mlp_output                15.59 [15.9, 15.9, 15.7, 15.2, 15.2]
23       attn_output               37.50 [37.8, 37.5, 37.5, 37.5, 37.2]
24       hidden                222822.40 [223232.0, 223232.0, 223232.0, 222208.0, 222208.0]
24       mlp_output                11.11 [11.8, 11.5, 10.9, 10.8, 10.7]
24       attn_output               56.10 [63.0, 55.5, 54.8, 53.8, 53.5]
25       hidden                225894.40 [226304.0, 226304.0, 226304.0, 225280.0, 225280.0]
25       mlp_output                 9.57 [9.9, 9.8, 9.6, 9.3, 9.2]
25       attn_output              179.80 [184.0, 181.0, 180.0, 177.0, 177.0]
26       hidden                227942.40 [228352.0, 228352.0, 228352.0, 227328.0, 227328.0]
26       mlp_output                 7.44 [7.6, 7.4, 7.4, 7.4, 7.4]
26       attn_output               75.20 [78.5, 76.5, 75.0, 73.0, 73.0]
27       hidden                230604.80 [231424.0, 230400.0, 230400.0, 230400.0, 230400.0]
27       mlp_output                17.80 [18.1, 18.0, 17.6, 17.6, 17.6]
27       attn_output               87.80 [89.0, 88.0, 88.0, 87.0, 87.0]
28       hidden                236339.20 [238592.0, 236544.0, 235520.0, 235520.0, 235520.0]
28       mlp_output                10.78 [11.0, 10.8, 10.8, 10.8, 10.6]
28       attn_output               58.15 [58.5, 58.2, 58.2, 58.0, 57.8]
29       hidden                237977.60 [239616.0, 237568.0, 237568.0, 237568.0, 237568.0]
29       mlp_output                13.85 [14.1, 14.0, 13.8, 13.8, 13.7]
29       attn_output               15.57 [15.8, 15.6, 15.5, 15.5, 15.5]
30       hidden                217088.00 [224256.0, 216064.0, 216064.0, 215040.0, 214016.0]
30       mlp_output                17.95 [18.1, 18.0, 18.0, 17.9, 17.8]
30       attn_output               74.30 [77.5, 74.0, 74.0, 73.0, 73.0]
31       hidden                191692.80 [194560.0, 193536.0, 191488.0, 190464.0, 188416.0]
31       mlp_output                31.15 [31.9, 31.9, 31.1, 30.6, 30.2]
31       attn_output              178.00 [181.0, 180.0, 178.0, 177.0, 174.0]
32       hidden                184729.60 [189440.0, 184320.0, 184320.0, 183296.0, 182272.0]
32       mlp_output                12.97 [13.5, 13.4, 12.9, 12.6, 12.5]
32       attn_output               27.25 [27.2, 27.2, 27.2, 27.2, 27.2]
33       hidden                189440.00 [191488.0, 190464.0, 190464.0, 187392.0, 187392.0]
33       mlp_output                56.85 [62.2, 57.0, 55.2, 55.0, 54.8]
33       attn_output               24.45 [25.0, 24.8, 24.6, 24.1, 23.8]

Global top-5 absolute values: ['239616.0', '238592.0', '237568.0', '237568.0', '237568.0']
Global top-5 absolute mean: 238182.40

Results saved to: /root/paddlejob/workspace/env_run/clx/atv_alz/results/gemma3/json/gemma-3-4b-it_top5_stats.json
Done!

