======================================================================
Activation Analysis: gemma-2-2b
======================================================================
Model type: gemma2, Layers: 26, Hidden: 2304
Loading model from /root/paddlejob/workspace/env_run/clx/models/gemma2/gemma-2-2b ...
Model files size: 9.7 GB
Loading checkpoint shards:   0%|          | 0/3 [00:00<?, ?it/s]Loading checkpoint shards:  33%|███▎      | 1/3 [00:01<00:03,  1.97s/it]Loading checkpoint shards:  67%|██████▋   | 2/3 [00:03<00:01,  1.98s/it]Loading checkpoint shards: 100%|██████████| 3/3 [00:04<00:00,  1.16s/it]Loading checkpoint shards: 100%|██████████| 3/3 [00:04<00:00,  1.38s/it]
Loaded on single GPU (cuda:0)
Input device: cuda:0
Loading data from /root/paddlejob/workspace/env_run/clx/datasets/eval_diverse_5k_gemma2.jsonl ...
Loaded 2000 samples (lengths: min=1464, max=4096, avg=3507)
Created 63 batches (batch_size=32, padding ratio=0.4%)
Registered 106 hooks
Running forward passes...
  Batch 1/63 done
  Batch 20/63 done
  Batch 40/63 done
  Batch 60/63 done
Forward passes complete.

======================================================================
Hidden State Activation Progression — gemma-2-2b
======================================================================
Layer           RMS    AbsMean        Std        Max        Min
------------------------------------------------------------
0            1.4582     0.9496     1.4581      52.75     -53.50
1            1.6763     0.9706     1.6762      99.00     -51.50
2            1.5325     0.9644     1.5325      72.00     -37.00
3            1.6558     1.0474     1.6558      81.50     -38.25
4            1.6843     1.0707     1.6843      74.50     -40.00
5            1.7975     1.1346     1.7975     182.00     -59.00
6            1.7390     1.0687     1.7390      98.00     -71.00
7            1.9308     1.2515     1.9308     163.00     -68.00
8            1.9502     1.2484     1.9502     262.00     -88.50
9            2.1905     1.4773     2.1904     490.00    -151.00
10           2.4284     1.5133     2.4279     592.00    -220.00
11           2.7688     1.7454     2.7684     756.00    -270.00
12           2.6571     1.7184     2.6566     912.00    -344.00
13           2.9754     1.9400     2.9749    1024.00    -364.00
14           3.3883     2.0412     3.3877    1144.00    -370.00
15           3.2905     2.1624     3.2895    1256.00    -378.00
16           3.7579     2.4813     3.7565    1432.00    -372.00
17           3.9559     2.5600     3.9549    1632.00    -356.00
18           4.2753     2.8435     4.2743    1832.00    -338.00
19           4.7807     3.1479     4.7796    1872.00    -344.00
20           5.5978     3.4958     5.5969    1880.00    -330.00
21           6.8093     4.2426     6.8083    1840.00    -310.00
22           7.9231     5.0584     7.9228    1664.00    -288.00
23           8.7470     5.6924     8.7466    1232.00    -368.00
24          10.8734     6.6230    10.8734     932.00    -648.00
25          15.2984     8.1518    15.2983     856.00   -1576.00

Global max absolute activation: 1880.0000 (at layer_20_hidden (max))

Results saved to: /root/paddlejob/workspace/env_run/clx/activation_analysis/results/gemma2/gemma-2-2b_activation_stats.json
Done!

