======================================================================
Top-5 Activation Analysis: gemma-2-2b
======================================================================
Model type: gemma2, Layers: 26, Hidden: 2304
Loading model from /root/paddlejob/workspace/env_run/clx/models/gemma2/gemma-2-2b ...
Model files size: 9.7 GB
Loading checkpoint shards:   0%|          | 0/3 [00:00<?, ?it/s]Loading checkpoint shards:  33%|███▎      | 1/3 [00:02<00:04,  2.30s/it]Loading checkpoint shards:  67%|██████▋   | 2/3 [00:04<00:02,  2.12s/it]Loading checkpoint shards: 100%|██████████| 3/3 [00:04<00:00,  1.24s/it]Loading checkpoint shards: 100%|██████████| 3/3 [00:04<00:00,  1.49s/it]
Loaded on single GPU (cuda:0)
Input device: cuda:0
Loading data from /root/paddlejob/workspace/env_run/clx/datasets/eval_diverse_5k_gemma2.jsonl ...
Loaded 2000 samples (lengths: min=1464, max=4096, avg=3507)
Created 63 batches (batch_size=32, padding ratio=0.4%)
Registered 80 hooks
Running forward passes...
  Batch 1/63 done
  Batch 20/63 done
  Batch 40/63 done
  Batch 60/63 done
Forward passes complete.

======================================================================
Top-5 Absolute Activation Values — gemma-2-2b
======================================================================
Layer    Component          Top5 AbsMean Top5 Values
--------------------------------------------------------------------------------
0        hidden                    53.40 [53.5, 53.5, 53.5, 53.5, 53.0]
0        mlp_output                15.72 [17.8, 15.5, 15.4, 15.1, 14.9]
0        attn_output               17.65 [18.1, 18.0, 17.4, 17.4, 17.4]
1        hidden                    98.10 [99.0, 99.0, 98.5, 98.5, 95.5]
1        mlp_output                42.00 [42.5, 42.2, 42.0, 41.8, 41.5]
1        attn_output               23.35 [24.1, 23.6, 23.1, 23.1, 22.8]
2        hidden                    70.20 [72.0, 70.5, 70.0, 69.5, 69.0]
2        mlp_output                47.45 [54.2, 46.2, 45.8, 45.5, 45.5]
2        attn_output               29.70 [30.4, 29.9, 29.6, 29.6, 29.0]
3        hidden                    79.50 [81.5, 80.0, 79.5, 78.5, 78.0]
3        mlp_output                44.15 [48.5, 43.8, 43.2, 43.2, 42.0]
3        attn_output               22.32 [22.8, 22.4, 22.2, 22.1, 22.1]
4        hidden                    73.40 [74.5, 74.0, 73.5, 73.0, 72.0]
4        mlp_output                33.40 [34.2, 33.5, 33.5, 33.2, 32.5]
4        attn_output               16.52 [17.0, 16.9, 16.6, 16.2, 15.9]
5        hidden                   165.20 [182.0, 163.0, 161.0, 160.0, 160.0]
5        mlp_output                19.32 [19.9, 19.5, 19.2, 19.0, 19.0]
5        attn_output               10.07 [10.5, 10.1, 10.0, 9.9, 9.9]
6        hidden                    91.70 [98.0, 97.5, 88.5, 88.0, 86.5]
6        mlp_output                28.88 [30.1, 29.8, 29.4, 27.6, 27.5]
6        attn_output               19.65 [20.5, 19.8, 19.4, 19.4, 19.2]
7        hidden                   146.80 [163.0, 154.0, 142.0, 139.0, 136.0]
7        mlp_output                18.65 [19.4, 19.2, 18.8, 18.0, 17.9]
7        attn_output               10.31 [10.9, 10.4, 10.1, 10.1, 10.1]
8        hidden                   225.60 [262.0, 244.0, 209.0, 208.0, 205.0]
8        mlp_output                16.50 [16.9, 16.6, 16.5, 16.2, 16.2]
8        attn_output               15.03 [15.9, 15.3, 14.9, 14.7, 14.4]
9        hidden                   463.20 [490.0, 482.0, 458.0, 444.0, 442.0]
9        mlp_output                 9.75 [10.0, 10.0, 9.8, 9.7, 9.3]
9        attn_output               14.64 [14.8, 14.7, 14.6, 14.6, 14.5]
10       hidden                   568.80 [592.0, 588.0, 568.0, 556.0, 540.0]
10       mlp_output                 7.42 [8.1, 7.9, 7.2, 7.0, 6.9]
10       attn_output               12.62 [12.8, 12.6, 12.6, 12.6, 12.6]
11       hidden                   715.20 [756.0, 748.0, 700.0, 688.0, 684.0]
11       mlp_output                 3.25 [3.3, 3.3, 3.2, 3.2, 3.2]
11       attn_output                8.61 [9.1, 8.6, 8.6, 8.5, 8.4]
12       hidden                   856.00 [912.0, 880.0, 844.0, 824.0, 820.0]
12       mlp_output                 5.30 [5.9, 5.4, 5.1, 5.1, 5.0]
12       attn_output               10.31 [10.8, 10.7, 10.2, 10.0, 9.9]
13       hidden                   949.60 [1024.0, 936.0, 932.0, 932.0, 924.0]
13       mlp_output                 3.52 [3.9, 3.5, 3.5, 3.4, 3.3]
13       attn_output               20.75 [23.5, 20.6, 20.5, 20.1, 19.0]
14       hidden                  1070.40 [1144.0, 1064.0, 1048.0, 1048.0, 1048.0]
14       mlp_output                 3.80 [4.0, 3.8, 3.8, 3.7, 3.7]
14       attn_output               14.85 [15.3, 15.0, 14.7, 14.7, 14.6]
15       hidden                  1187.20 [1256.0, 1184.0, 1176.0, 1160.0, 1160.0]
15       mlp_output                 3.58 [3.6, 3.6, 3.6, 3.6, 3.6]
15       attn_output               13.95 [14.3, 14.2, 14.0, 13.6, 13.6]
16       hidden                  1371.20 [1432.0, 1376.0, 1360.0, 1352.0, 1336.0]
16       mlp_output                 3.62 [3.7, 3.7, 3.6, 3.6, 3.6]
16       attn_output               19.95 [21.1, 20.0, 19.9, 19.6, 19.1]
17       hidden                  1572.80 [1632.0, 1584.0, 1560.0, 1552.0, 1536.0]
17       mlp_output                 4.67 [4.8, 4.7, 4.6, 4.6, 4.6]
17       attn_output               14.20 [15.0, 14.2, 14.0, 13.9, 13.9]
18       hidden                  1785.60 [1832.0, 1808.0, 1776.0, 1768.0, 1744.0]
18       mlp_output                 8.35 [8.4, 8.4, 8.4, 8.3, 8.3]
18       attn_output               29.45 [32.8, 29.0, 29.0, 28.5, 28.0]
19       hidden                  1828.80 [1872.0, 1864.0, 1816.0, 1808.0, 1784.0]
19       mlp_output                 7.57 [7.7, 7.6, 7.6, 7.5, 7.5]
19       attn_output               16.00 [16.5, 16.2, 15.8, 15.8, 15.7]
20       hidden                  1827.20 [1880.0, 1864.0, 1808.0, 1800.0, 1784.0]
20       mlp_output                 8.10 [8.1, 8.1, 8.1, 8.1, 8.1]
20       attn_output               19.57 [20.2, 20.0, 19.5, 19.1, 19.0]
21       hidden                  1795.20 [1840.0, 1832.0, 1776.0, 1776.0, 1752.0]
21       mlp_output                 5.35 [5.4, 5.4, 5.3, 5.3, 5.2]
21       attn_output               12.91 [13.2, 13.0, 12.9, 12.8, 12.7]
22       hidden                  1611.20 [1664.0, 1656.0, 1608.0, 1568.0, 1560.0]
22       mlp_output                 8.04 [8.3, 8.1, 8.0, 7.9, 7.9]
22       attn_output               10.69 [10.8, 10.8, 10.7, 10.6, 10.6]
23       hidden                  1192.00 [1232.0, 1232.0, 1184.0, 1168.0, 1144.0]
23       mlp_output                 7.34 [7.5, 7.3, 7.3, 7.3, 7.2]
23       attn_output                9.89 [9.9, 9.9, 9.9, 9.8, 9.8]
24       hidden                   880.80 [932.0, 896.0, 880.0, 848.0, 848.0]
24       mlp_output                 5.83 [6.0, 6.0, 5.8, 5.7, 5.6]
24       attn_output               11.70 [12.0, 12.0, 11.7, 11.5, 11.3]
25       hidden                  1561.60 [1576.0, 1576.0, 1560.0, 1560.0, 1536.0]
25       mlp_output                 4.53 [4.6, 4.6, 4.5, 4.5, 4.4]
25       attn_output                6.46 [6.6, 6.5, 6.4, 6.4, 6.4]

Global top-5 absolute values: ['1880.0', '1872.0', '1864.0', '1864.0', '1840.0']
Global top-5 absolute mean: 1864.00

Results saved to: /root/paddlejob/workspace/env_run/clx/activation_analysis/results/gemma2/gemma-2-2b_top5_stats.json
Done!

